../Drivers/CMSIS/Include/core_cm7.h:2606:26:ITM_SendChar	16	static,ignoring_inline_asm
../Core/Src/main.c:98:6:sendUdpPacket	8	static
../Core/Src/main.c:107:6:NTP_server	64	static
../Core/Src/main.c:126:5:_write	32	static
../Core/Src/main.c:139:5:main	56	static
../Core/Src/main.c:218:6:SystemClock_Config	88	static
../Core/Src/main.c:275:13:MX_TIM1_Init	56	static
../Core/Src/main.c:326:13:MX_TIM2_Init	40	static
../Core/Src/main.c:371:13:MX_TIM3_Init	56	static
../Core/Src/main.c:420:13:MX_TIM4_Init	56	static
../Core/Src/main.c:469:13:MX_GPIO_Init	56	static
../Core/Src/main.c:538:6:Error_Handler	4	static,ignoring_inline_asm
