../Drivers/CMSIS/Include/core_cm7.h:2606:26:ITM_SendChar	16	static,ignoring_inline_asm
../Core/Src/main.c:99:6:sendUdpPacket	8	static
../Core/Src/main.c:108:6:NTP_server	64	static
../Core/Src/main.c:127:5:_write	32	static
../Core/Src/main.c:140:5:main	56	static
../Core/Src/main.c:225:6:SystemClock_Config	88	static
../Core/Src/main.c:282:13:MX_TIM1_Init	56	static
../Core/Src/main.c:333:13:MX_TIM2_Init	40	static
../Core/Src/main.c:378:13:MX_TIM4_Init	56	static
../Core/Src/main.c:427:13:MX_TIM8_Init	56	static
../Core/Src/main.c:478:13:MX_GPIO_Init	56	static
../Core/Src/main.c:551:6:Error_Handler	4	static,ignoring_inline_asm
